// Jest Snapshot v1, https://goo.gl/fbAQLP

exports[`CharacterInfo matches the snapshot 1`] = `
ShallowWrapper {
  Symbol(enzyme.__root__): [Circular],
  Symbol(enzyme.__unrendered__): <CharacterInfo
    character={
      Object {
        "birth_year": "1234",
        "eye_color": "eye_color",
        "gender": "gender",
        "hair_color": "hair_color",
        "height": "123",
        "mass": "12",
        "name": "name",
      }
    }
    history={
      Object {
        "action": "PUSH",
        "block": [MockFunction],
        "createHref": [MockFunction],
        "go": [MockFunction],
        "goBack": [MockFunction],
        "goForward": [MockFunction],
        "length": 123,
        "listen": [MockFunction],
        "location": Object {
          "hash": "",
          "key": "",
          "pathname": "",
          "search": "",
          "state": "",
        },
        "push": [MockFunction],
        "replace": [MockFunction],
      }
    }
  />,
  Symbol(enzyme.__renderer__): Object {
    "batchedUpdates": [Function],
    "checkPropTypes": [Function],
    "getNode": [Function],
    "render": [Function],
    "simulateError": [Function],
    "simulateEvent": [Function],
    "unmount": [Function],
  },
  Symbol(enzyme.__node__): Object {
    "instance": null,
    "key": undefined,
    "nodeType": "function",
    "props": Object {
      "children": Array [
        <BackButton
          push={[MockFunction]}
          route="/"
          text="Back to search result"
        />,
        <div
          className="d-flex ml-5 mt-5 pl-5"
        >
          <div
            className="avatar avatar__default card-img-top mr-3"
          />
          <div
            className="info-details p-3"
          >
            <h2
              className="text-center"
            >
              NAME
            </h2>
            <p>
              Height: 123cm
            </p>
            <p>
              Weight: 12kgs
            </p>
            <p>
              Hair color: hair_color
            </p>
            <p>
              Skin color: undefined
            </p>
            <p>
              Eye color: eye_color
            </p>
            <p>
              Born in 1234
            </p>
            <p>
              Gender: gender
            </p>
          </div>
        </div>,
        <Formik
          enableReinitialize={false}
          initialValues={
            Object {
              "phoneNumber": "",
            }
          }
          isInitialValid={false}
          onSubmit={[Function]}
          render={[Function]}
          validateOnBlur={true}
          validateOnChange={true}
        />,
      ],
    },
    "ref": null,
    "rendered": Array [
      Object {
        "instance": null,
        "key": undefined,
        "nodeType": "class",
        "props": Object {
          "push": [MockFunction],
          "route": "/",
          "text": "Back to search result",
        },
        "ref": null,
        "rendered": null,
        "type": [Function],
      },
      Object {
        "instance": null,
        "key": undefined,
        "nodeType": "host",
        "props": Object {
          "children": Array [
            <div
              className="avatar avatar__default card-img-top mr-3"
            />,
            <div
              className="info-details p-3"
            >
              <h2
                className="text-center"
              >
                NAME
              </h2>
              <p>
                Height: 123cm
              </p>
              <p>
                Weight: 12kgs
              </p>
              <p>
                Hair color: hair_color
              </p>
              <p>
                Skin color: undefined
              </p>
              <p>
                Eye color: eye_color
              </p>
              <p>
                Born in 1234
              </p>
              <p>
                Gender: gender
              </p>
            </div>,
          ],
          "className": "d-flex ml-5 mt-5 pl-5",
        },
        "ref": null,
        "rendered": Array [
          Object {
            "instance": null,
            "key": undefined,
            "nodeType": "host",
            "props": Object {
              "className": "avatar avatar__default card-img-top mr-3",
            },
            "ref": null,
            "rendered": null,
            "type": "div",
          },
          Object {
            "instance": null,
            "key": undefined,
            "nodeType": "host",
            "props": Object {
              "children": Array [
                <h2
                  className="text-center"
                >
                  NAME
                </h2>,
                <p>
                  Height: 123cm
                </p>,
                <p>
                  Weight: 12kgs
                </p>,
                <p>
                  Hair color: hair_color
                </p>,
                <p>
                  Skin color: undefined
                </p>,
                <p>
                  Eye color: eye_color
                </p>,
                <p>
                  Born in 1234
                </p>,
                <p>
                  Gender: gender
                </p>,
              ],
              "className": "info-details p-3",
            },
            "ref": null,
            "rendered": Array [
              Object {
                "instance": null,
                "key": undefined,
                "nodeType": "host",
                "props": Object {
                  "children": "NAME",
                  "className": "text-center",
                },
                "ref": null,
                "rendered": "NAME",
                "type": "h2",
              },
              Object {
                "instance": null,
                "key": undefined,
                "nodeType": "host",
                "props": Object {
                  "children": "Height: 123cm",
                },
                "ref": null,
                "rendered": "Height: 123cm",
                "type": "p",
              },
              Object {
                "instance": null,
                "key": undefined,
                "nodeType": "host",
                "props": Object {
                  "children": "Weight: 12kgs",
                },
                "ref": null,
                "rendered": "Weight: 12kgs",
                "type": "p",
              },
              Object {
                "instance": null,
                "key": undefined,
                "nodeType": "host",
                "props": Object {
                  "children": "Hair color: hair_color",
                },
                "ref": null,
                "rendered": "Hair color: hair_color",
                "type": "p",
              },
              Object {
                "instance": null,
                "key": undefined,
                "nodeType": "host",
                "props": Object {
                  "children": "Skin color: undefined",
                },
                "ref": null,
                "rendered": "Skin color: undefined",
                "type": "p",
              },
              Object {
                "instance": null,
                "key": undefined,
                "nodeType": "host",
                "props": Object {
                  "children": "Eye color: eye_color",
                },
                "ref": null,
                "rendered": "Eye color: eye_color",
                "type": "p",
              },
              Object {
                "instance": null,
                "key": undefined,
                "nodeType": "host",
                "props": Object {
                  "children": "Born in 1234",
                },
                "ref": null,
                "rendered": "Born in 1234",
                "type": "p",
              },
              Object {
                "instance": null,
                "key": undefined,
                "nodeType": "host",
                "props": Object {
                  "children": "Gender: gender",
                },
                "ref": null,
                "rendered": "Gender: gender",
                "type": "p",
              },
            ],
            "type": "div",
          },
        ],
        "type": "div",
      },
      Object {
        "instance": null,
        "key": undefined,
        "nodeType": "class",
        "props": Object {
          "enableReinitialize": false,
          "initialValues": Object {
            "phoneNumber": "",
          },
          "isInitialValid": false,
          "onSubmit": [Function],
          "render": [Function],
          "validateOnBlur": true,
          "validateOnChange": true,
        },
        "ref": null,
        "rendered": null,
        "type": [Function],
      },
    ],
    "type": Symbol(react.fragment),
  },
  Symbol(enzyme.__nodes__): Array [
    Object {
      "instance": null,
      "key": undefined,
      "nodeType": "function",
      "props": Object {
        "children": Array [
          <BackButton
            push={[MockFunction]}
            route="/"
            text="Back to search result"
          />,
          <div
            className="d-flex ml-5 mt-5 pl-5"
          >
            <div
              className="avatar avatar__default card-img-top mr-3"
            />
            <div
              className="info-details p-3"
            >
              <h2
                className="text-center"
              >
                NAME
              </h2>
              <p>
                Height: 123cm
              </p>
              <p>
                Weight: 12kgs
              </p>
              <p>
                Hair color: hair_color
              </p>
              <p>
                Skin color: undefined
              </p>
              <p>
                Eye color: eye_color
              </p>
              <p>
                Born in 1234
              </p>
              <p>
                Gender: gender
              </p>
            </div>
          </div>,
          <Formik
            enableReinitialize={false}
            initialValues={
              Object {
                "phoneNumber": "",
              }
            }
            isInitialValid={false}
            onSubmit={[Function]}
            render={[Function]}
            validateOnBlur={true}
            validateOnChange={true}
          />,
        ],
      },
      "ref": null,
      "rendered": Array [
        Object {
          "instance": null,
          "key": undefined,
          "nodeType": "class",
          "props": Object {
            "push": [MockFunction],
            "route": "/",
            "text": "Back to search result",
          },
          "ref": null,
          "rendered": null,
          "type": [Function],
        },
        Object {
          "instance": null,
          "key": undefined,
          "nodeType": "host",
          "props": Object {
            "children": Array [
              <div
                className="avatar avatar__default card-img-top mr-3"
              />,
              <div
                className="info-details p-3"
              >
                <h2
                  className="text-center"
                >
                  NAME
                </h2>
                <p>
                  Height: 123cm
                </p>
                <p>
                  Weight: 12kgs
                </p>
                <p>
                  Hair color: hair_color
                </p>
                <p>
                  Skin color: undefined
                </p>
                <p>
                  Eye color: eye_color
                </p>
                <p>
                  Born in 1234
                </p>
                <p>
                  Gender: gender
                </p>
              </div>,
            ],
            "className": "d-flex ml-5 mt-5 pl-5",
          },
          "ref": null,
          "rendered": Array [
            Object {
              "instance": null,
              "key": undefined,
              "nodeType": "host",
              "props": Object {
                "className": "avatar avatar__default card-img-top mr-3",
              },
              "ref": null,
              "rendered": null,
              "type": "div",
            },
            Object {
              "instance": null,
              "key": undefined,
              "nodeType": "host",
              "props": Object {
                "children": Array [
                  <h2
                    className="text-center"
                  >
                    NAME
                  </h2>,
                  <p>
                    Height: 123cm
                  </p>,
                  <p>
                    Weight: 12kgs
                  </p>,
                  <p>
                    Hair color: hair_color
                  </p>,
                  <p>
                    Skin color: undefined
                  </p>,
                  <p>
                    Eye color: eye_color
                  </p>,
                  <p>
                    Born in 1234
                  </p>,
                  <p>
                    Gender: gender
                  </p>,
                ],
                "className": "info-details p-3",
              },
              "ref": null,
              "rendered": Array [
                Object {
                  "instance": null,
                  "key": undefined,
                  "nodeType": "host",
                  "props": Object {
                    "children": "NAME",
                    "className": "text-center",
                  },
                  "ref": null,
                  "rendered": "NAME",
                  "type": "h2",
                },
                Object {
                  "instance": null,
                  "key": undefined,
                  "nodeType": "host",
                  "props": Object {
                    "children": "Height: 123cm",
                  },
                  "ref": null,
                  "rendered": "Height: 123cm",
                  "type": "p",
                },
                Object {
                  "instance": null,
                  "key": undefined,
                  "nodeType": "host",
                  "props": Object {
                    "children": "Weight: 12kgs",
                  },
                  "ref": null,
                  "rendered": "Weight: 12kgs",
                  "type": "p",
                },
                Object {
                  "instance": null,
                  "key": undefined,
                  "nodeType": "host",
                  "props": Object {
                    "children": "Hair color: hair_color",
                  },
                  "ref": null,
                  "rendered": "Hair color: hair_color",
                  "type": "p",
                },
                Object {
                  "instance": null,
                  "key": undefined,
                  "nodeType": "host",
                  "props": Object {
                    "children": "Skin color: undefined",
                  },
                  "ref": null,
                  "rendered": "Skin color: undefined",
                  "type": "p",
                },
                Object {
                  "instance": null,
                  "key": undefined,
                  "nodeType": "host",
                  "props": Object {
                    "children": "Eye color: eye_color",
                  },
                  "ref": null,
                  "rendered": "Eye color: eye_color",
                  "type": "p",
                },
                Object {
                  "instance": null,
                  "key": undefined,
                  "nodeType": "host",
                  "props": Object {
                    "children": "Born in 1234",
                  },
                  "ref": null,
                  "rendered": "Born in 1234",
                  "type": "p",
                },
                Object {
                  "instance": null,
                  "key": undefined,
                  "nodeType": "host",
                  "props": Object {
                    "children": "Gender: gender",
                  },
                  "ref": null,
                  "rendered": "Gender: gender",
                  "type": "p",
                },
              ],
              "type": "div",
            },
          ],
          "type": "div",
        },
        Object {
          "instance": null,
          "key": undefined,
          "nodeType": "class",
          "props": Object {
            "enableReinitialize": false,
            "initialValues": Object {
              "phoneNumber": "",
            },
            "isInitialValid": false,
            "onSubmit": [Function],
            "render": [Function],
            "validateOnBlur": true,
            "validateOnChange": true,
          },
          "ref": null,
          "rendered": null,
          "type": [Function],
        },
      ],
      "type": Symbol(react.fragment),
    },
  ],
  Symbol(enzyme.__options__): Object {
    "adapter": ReactSixteenAdapter {
      "options": Object {
        "enableComponentDidUpdateOnSetState": true,
        "legacyContextMode": "parent",
        "lifecycles": Object {
          "componentDidUpdate": Object {
            "onSetState": true,
          },
          "getChildContext": Object {
            "calledByRenderer": false,
          },
          "getDerivedStateFromProps": Object {
            "hasShouldComponentUpdateBug": false,
          },
          "getSnapshotBeforeUpdate": true,
          "setState": Object {
            "skipsComponentDidUpdateOnNullish": true,
          },
        },
      },
    },
  },
  Symbol(enzyme.__childContext__): null,
}
`;
