// Jest Snapshot v1, https://goo.gl/fbAQLP

exports[`FilmInfo matches the snapshot 1`] = `
ShallowWrapper {
  Symbol(enzyme.__root__): [Circular],
  Symbol(enzyme.__unrendered__): <FilmInfo
    film={
      Object {
        "director": "director",
        "opening_crawl": "1222",
        "producer": "producer",
        "release_date": "release_date",
        "title": "title",
      }
    }
    history={
      Object {
        "action": "PUSH",
        "block": [MockFunction],
        "createHref": [MockFunction],
        "go": [MockFunction],
        "goBack": [MockFunction],
        "goForward": [MockFunction],
        "length": 123,
        "listen": [MockFunction],
        "location": Object {
          "hash": "",
          "key": "",
          "pathname": "",
          "search": "",
          "state": "",
        },
        "push": [MockFunction],
        "replace": [MockFunction],
      }
    }
  />,
  Symbol(enzyme.__renderer__): Object {
    "batchedUpdates": [Function],
    "checkPropTypes": [Function],
    "getNode": [Function],
    "render": [Function],
    "simulateError": [Function],
    "simulateEvent": [Function],
    "unmount": [Function],
  },
  Symbol(enzyme.__node__): Object {
    "instance": null,
    "key": undefined,
    "nodeType": "function",
    "props": Object {
      "children": <main
        className="p-5"
      >
        <BackButton
          push={[MockFunction]}
          route="/"
          text="Back to search result"
        />
        <Formik
          enableReinitialize={false}
          initialValues={
            Object {
              "phoneNumber": "",
            }
          }
          isInitialValid={false}
          onSubmit={[Function]}
          render={[Function]}
          validateOnBlur={true}
          validateOnChange={true}
          validationSchema={
            ObjectSchema {
              "_blacklist": RefSet {
                "list": Set {},
                "refs": Map {},
              },
              "_conditions": Array [],
              "_defaultDefault": [Function],
              "_deps": Array [],
              "_excludedEdges": Array [],
              "_exclusive": Object {},
              "_mutate": undefined,
              "_nodes": Array [
                "phoneNumber",
              ],
              "_options": Object {
                "abortEarly": true,
                "recursive": true,
              },
              "_type": "object",
              "_typeError": [Function],
              "_whitelist": RefSet {
                "list": Set {},
                "refs": Map {},
              },
              "fields": Object {
                "phoneNumber": StringSchema {
                  "_blacklist": RefSet {
                    "list": Set {},
                    "refs": Map {},
                  },
                  "_conditions": Array [],
                  "_deps": Array [],
                  "_exclusive": Object {
                    "length": true,
                    "required": true,
                    "undefined": false,
                  },
                  "_mutate": undefined,
                  "_options": Object {
                    "abortEarly": true,
                    "recursive": true,
                  },
                  "_type": "string",
                  "_typeError": [Function],
                  "_whitelist": RefSet {
                    "list": Set {},
                    "refs": Map {},
                  },
                  "tests": Array [
                    [Function],
                    [Function],
                    [Function],
                  ],
                  "transforms": Array [
                    [Function],
                  ],
                },
              },
              "tests": Array [],
              "transforms": Array [
                [Function],
              ],
            }
          }
        />
        <div
          className="info-details w-75  ml-5 mt-5 p-3"
        >
          <h2
            className="text-center"
          >
            TITLE
          </h2>
          <p>
            1222
          </p>
        </div>
        <div
          className="d-flex ml-5"
        >
          <InfoCategory
            list={
              Array [
                "NaNth undefined NaN",
              ]
            }
            title="RELEASED"
          />
          <InfoCategory
            list={
              Array [
                "director",
              ]
            }
            title="DIRECTOR"
          />
          <InfoCategory
            list={
              Array [
                "producer",
              ]
            }
            title="PRODUCER"
          />
        </div>
      </main>,
    },
    "ref": null,
    "rendered": Object {
      "instance": null,
      "key": undefined,
      "nodeType": "host",
      "props": Object {
        "children": Array [
          <BackButton
            push={[MockFunction]}
            route="/"
            text="Back to search result"
          />,
          <Formik
            enableReinitialize={false}
            initialValues={
              Object {
                "phoneNumber": "",
              }
            }
            isInitialValid={false}
            onSubmit={[Function]}
            render={[Function]}
            validateOnBlur={true}
            validateOnChange={true}
            validationSchema={
              ObjectSchema {
                "_blacklist": RefSet {
                  "list": Set {},
                  "refs": Map {},
                },
                "_conditions": Array [],
                "_defaultDefault": [Function],
                "_deps": Array [],
                "_excludedEdges": Array [],
                "_exclusive": Object {},
                "_mutate": undefined,
                "_nodes": Array [
                  "phoneNumber",
                ],
                "_options": Object {
                  "abortEarly": true,
                  "recursive": true,
                },
                "_type": "object",
                "_typeError": [Function],
                "_whitelist": RefSet {
                  "list": Set {},
                  "refs": Map {},
                },
                "fields": Object {
                  "phoneNumber": StringSchema {
                    "_blacklist": RefSet {
                      "list": Set {},
                      "refs": Map {},
                    },
                    "_conditions": Array [],
                    "_deps": Array [],
                    "_exclusive": Object {
                      "length": true,
                      "required": true,
                      "undefined": false,
                    },
                    "_mutate": undefined,
                    "_options": Object {
                      "abortEarly": true,
                      "recursive": true,
                    },
                    "_type": "string",
                    "_typeError": [Function],
                    "_whitelist": RefSet {
                      "list": Set {},
                      "refs": Map {},
                    },
                    "tests": Array [
                      [Function],
                      [Function],
                      [Function],
                    ],
                    "transforms": Array [
                      [Function],
                    ],
                  },
                },
                "tests": Array [],
                "transforms": Array [
                  [Function],
                ],
              }
            }
          />,
          <div
            className="info-details w-75  ml-5 mt-5 p-3"
          >
            <h2
              className="text-center"
            >
              TITLE
            </h2>
            <p>
              1222
            </p>
          </div>,
          <div
            className="d-flex ml-5"
          >
            <InfoCategory
              list={
                Array [
                  "NaNth undefined NaN",
                ]
              }
              title="RELEASED"
            />
            <InfoCategory
              list={
                Array [
                  "director",
                ]
              }
              title="DIRECTOR"
            />
            <InfoCategory
              list={
                Array [
                  "producer",
                ]
              }
              title="PRODUCER"
            />
          </div>,
        ],
        "className": "p-5",
      },
      "ref": null,
      "rendered": Array [
        Object {
          "instance": null,
          "key": undefined,
          "nodeType": "class",
          "props": Object {
            "push": [MockFunction],
            "route": "/",
            "text": "Back to search result",
          },
          "ref": null,
          "rendered": null,
          "type": [Function],
        },
        Object {
          "instance": null,
          "key": undefined,
          "nodeType": "class",
          "props": Object {
            "enableReinitialize": false,
            "initialValues": Object {
              "phoneNumber": "",
            },
            "isInitialValid": false,
            "onSubmit": [Function],
            "render": [Function],
            "validateOnBlur": true,
            "validateOnChange": true,
            "validationSchema": ObjectSchema {
              "_blacklist": RefSet {
                "list": Set {},
                "refs": Map {},
              },
              "_conditions": Array [],
              "_defaultDefault": [Function],
              "_deps": Array [],
              "_excludedEdges": Array [],
              "_exclusive": Object {},
              "_mutate": undefined,
              "_nodes": Array [
                "phoneNumber",
              ],
              "_options": Object {
                "abortEarly": true,
                "recursive": true,
              },
              "_type": "object",
              "_typeError": [Function],
              "_whitelist": RefSet {
                "list": Set {},
                "refs": Map {},
              },
              "fields": Object {
                "phoneNumber": StringSchema {
                  "_blacklist": RefSet {
                    "list": Set {},
                    "refs": Map {},
                  },
                  "_conditions": Array [],
                  "_deps": Array [],
                  "_exclusive": Object {
                    "length": true,
                    "required": true,
                    "undefined": false,
                  },
                  "_mutate": undefined,
                  "_options": Object {
                    "abortEarly": true,
                    "recursive": true,
                  },
                  "_type": "string",
                  "_typeError": [Function],
                  "_whitelist": RefSet {
                    "list": Set {},
                    "refs": Map {},
                  },
                  "tests": Array [
                    [Function],
                    [Function],
                    [Function],
                  ],
                  "transforms": Array [
                    [Function],
                  ],
                },
              },
              "tests": Array [],
              "transforms": Array [
                [Function],
              ],
            },
          },
          "ref": null,
          "rendered": null,
          "type": [Function],
        },
        Object {
          "instance": null,
          "key": undefined,
          "nodeType": "host",
          "props": Object {
            "children": Array [
              <h2
                className="text-center"
              >
                TITLE
              </h2>,
              <p>
                1222
              </p>,
            ],
            "className": "info-details w-75  ml-5 mt-5 p-3",
          },
          "ref": null,
          "rendered": Array [
            Object {
              "instance": null,
              "key": undefined,
              "nodeType": "host",
              "props": Object {
                "children": "TITLE",
                "className": "text-center",
              },
              "ref": null,
              "rendered": "TITLE",
              "type": "h2",
            },
            Object {
              "instance": null,
              "key": undefined,
              "nodeType": "host",
              "props": Object {
                "children": "1222",
              },
              "ref": null,
              "rendered": "1222",
              "type": "p",
            },
          ],
          "type": "div",
        },
        Object {
          "instance": null,
          "key": undefined,
          "nodeType": "host",
          "props": Object {
            "children": Array [
              <InfoCategory
                list={
                  Array [
                    "NaNth undefined NaN",
                  ]
                }
                title="RELEASED"
              />,
              <InfoCategory
                list={
                  Array [
                    "director",
                  ]
                }
                title="DIRECTOR"
              />,
              <InfoCategory
                list={
                  Array [
                    "producer",
                  ]
                }
                title="PRODUCER"
              />,
            ],
            "className": "d-flex ml-5",
          },
          "ref": null,
          "rendered": Array [
            Object {
              "instance": null,
              "key": undefined,
              "nodeType": "function",
              "props": Object {
                "list": Array [
                  "NaNth undefined NaN",
                ],
                "title": "RELEASED",
              },
              "ref": null,
              "rendered": null,
              "type": [Function],
            },
            Object {
              "instance": null,
              "key": undefined,
              "nodeType": "function",
              "props": Object {
                "list": Array [
                  "director",
                ],
                "title": "DIRECTOR",
              },
              "ref": null,
              "rendered": null,
              "type": [Function],
            },
            Object {
              "instance": null,
              "key": undefined,
              "nodeType": "function",
              "props": Object {
                "list": Array [
                  "producer",
                ],
                "title": "PRODUCER",
              },
              "ref": null,
              "rendered": null,
              "type": [Function],
            },
          ],
          "type": "div",
        },
      ],
      "type": "main",
    },
    "type": Symbol(react.fragment),
  },
  Symbol(enzyme.__nodes__): Array [
    Object {
      "instance": null,
      "key": undefined,
      "nodeType": "function",
      "props": Object {
        "children": <main
          className="p-5"
        >
          <BackButton
            push={[MockFunction]}
            route="/"
            text="Back to search result"
          />
          <Formik
            enableReinitialize={false}
            initialValues={
              Object {
                "phoneNumber": "",
              }
            }
            isInitialValid={false}
            onSubmit={[Function]}
            render={[Function]}
            validateOnBlur={true}
            validateOnChange={true}
            validationSchema={
              ObjectSchema {
                "_blacklist": RefSet {
                  "list": Set {},
                  "refs": Map {},
                },
                "_conditions": Array [],
                "_defaultDefault": [Function],
                "_deps": Array [],
                "_excludedEdges": Array [],
                "_exclusive": Object {},
                "_mutate": undefined,
                "_nodes": Array [
                  "phoneNumber",
                ],
                "_options": Object {
                  "abortEarly": true,
                  "recursive": true,
                },
                "_type": "object",
                "_typeError": [Function],
                "_whitelist": RefSet {
                  "list": Set {},
                  "refs": Map {},
                },
                "fields": Object {
                  "phoneNumber": StringSchema {
                    "_blacklist": RefSet {
                      "list": Set {},
                      "refs": Map {},
                    },
                    "_conditions": Array [],
                    "_deps": Array [],
                    "_exclusive": Object {
                      "length": true,
                      "required": true,
                      "undefined": false,
                    },
                    "_mutate": undefined,
                    "_options": Object {
                      "abortEarly": true,
                      "recursive": true,
                    },
                    "_type": "string",
                    "_typeError": [Function],
                    "_whitelist": RefSet {
                      "list": Set {},
                      "refs": Map {},
                    },
                    "tests": Array [
                      [Function],
                      [Function],
                      [Function],
                    ],
                    "transforms": Array [
                      [Function],
                    ],
                  },
                },
                "tests": Array [],
                "transforms": Array [
                  [Function],
                ],
              }
            }
          />
          <div
            className="info-details w-75  ml-5 mt-5 p-3"
          >
            <h2
              className="text-center"
            >
              TITLE
            </h2>
            <p>
              1222
            </p>
          </div>
          <div
            className="d-flex ml-5"
          >
            <InfoCategory
              list={
                Array [
                  "NaNth undefined NaN",
                ]
              }
              title="RELEASED"
            />
            <InfoCategory
              list={
                Array [
                  "director",
                ]
              }
              title="DIRECTOR"
            />
            <InfoCategory
              list={
                Array [
                  "producer",
                ]
              }
              title="PRODUCER"
            />
          </div>
        </main>,
      },
      "ref": null,
      "rendered": Object {
        "instance": null,
        "key": undefined,
        "nodeType": "host",
        "props": Object {
          "children": Array [
            <BackButton
              push={[MockFunction]}
              route="/"
              text="Back to search result"
            />,
            <Formik
              enableReinitialize={false}
              initialValues={
                Object {
                  "phoneNumber": "",
                }
              }
              isInitialValid={false}
              onSubmit={[Function]}
              render={[Function]}
              validateOnBlur={true}
              validateOnChange={true}
              validationSchema={
                ObjectSchema {
                  "_blacklist": RefSet {
                    "list": Set {},
                    "refs": Map {},
                  },
                  "_conditions": Array [],
                  "_defaultDefault": [Function],
                  "_deps": Array [],
                  "_excludedEdges": Array [],
                  "_exclusive": Object {},
                  "_mutate": undefined,
                  "_nodes": Array [
                    "phoneNumber",
                  ],
                  "_options": Object {
                    "abortEarly": true,
                    "recursive": true,
                  },
                  "_type": "object",
                  "_typeError": [Function],
                  "_whitelist": RefSet {
                    "list": Set {},
                    "refs": Map {},
                  },
                  "fields": Object {
                    "phoneNumber": StringSchema {
                      "_blacklist": RefSet {
                        "list": Set {},
                        "refs": Map {},
                      },
                      "_conditions": Array [],
                      "_deps": Array [],
                      "_exclusive": Object {
                        "length": true,
                        "required": true,
                        "undefined": false,
                      },
                      "_mutate": undefined,
                      "_options": Object {
                        "abortEarly": true,
                        "recursive": true,
                      },
                      "_type": "string",
                      "_typeError": [Function],
                      "_whitelist": RefSet {
                        "list": Set {},
                        "refs": Map {},
                      },
                      "tests": Array [
                        [Function],
                        [Function],
                        [Function],
                      ],
                      "transforms": Array [
                        [Function],
                      ],
                    },
                  },
                  "tests": Array [],
                  "transforms": Array [
                    [Function],
                  ],
                }
              }
            />,
            <div
              className="info-details w-75  ml-5 mt-5 p-3"
            >
              <h2
                className="text-center"
              >
                TITLE
              </h2>
              <p>
                1222
              </p>
            </div>,
            <div
              className="d-flex ml-5"
            >
              <InfoCategory
                list={
                  Array [
                    "NaNth undefined NaN",
                  ]
                }
                title="RELEASED"
              />
              <InfoCategory
                list={
                  Array [
                    "director",
                  ]
                }
                title="DIRECTOR"
              />
              <InfoCategory
                list={
                  Array [
                    "producer",
                  ]
                }
                title="PRODUCER"
              />
            </div>,
          ],
          "className": "p-5",
        },
        "ref": null,
        "rendered": Array [
          Object {
            "instance": null,
            "key": undefined,
            "nodeType": "class",
            "props": Object {
              "push": [MockFunction],
              "route": "/",
              "text": "Back to search result",
            },
            "ref": null,
            "rendered": null,
            "type": [Function],
          },
          Object {
            "instance": null,
            "key": undefined,
            "nodeType": "class",
            "props": Object {
              "enableReinitialize": false,
              "initialValues": Object {
                "phoneNumber": "",
              },
              "isInitialValid": false,
              "onSubmit": [Function],
              "render": [Function],
              "validateOnBlur": true,
              "validateOnChange": true,
              "validationSchema": ObjectSchema {
                "_blacklist": RefSet {
                  "list": Set {},
                  "refs": Map {},
                },
                "_conditions": Array [],
                "_defaultDefault": [Function],
                "_deps": Array [],
                "_excludedEdges": Array [],
                "_exclusive": Object {},
                "_mutate": undefined,
                "_nodes": Array [
                  "phoneNumber",
                ],
                "_options": Object {
                  "abortEarly": true,
                  "recursive": true,
                },
                "_type": "object",
                "_typeError": [Function],
                "_whitelist": RefSet {
                  "list": Set {},
                  "refs": Map {},
                },
                "fields": Object {
                  "phoneNumber": StringSchema {
                    "_blacklist": RefSet {
                      "list": Set {},
                      "refs": Map {},
                    },
                    "_conditions": Array [],
                    "_deps": Array [],
                    "_exclusive": Object {
                      "length": true,
                      "required": true,
                      "undefined": false,
                    },
                    "_mutate": undefined,
                    "_options": Object {
                      "abortEarly": true,
                      "recursive": true,
                    },
                    "_type": "string",
                    "_typeError": [Function],
                    "_whitelist": RefSet {
                      "list": Set {},
                      "refs": Map {},
                    },
                    "tests": Array [
                      [Function],
                      [Function],
                      [Function],
                    ],
                    "transforms": Array [
                      [Function],
                    ],
                  },
                },
                "tests": Array [],
                "transforms": Array [
                  [Function],
                ],
              },
            },
            "ref": null,
            "rendered": null,
            "type": [Function],
          },
          Object {
            "instance": null,
            "key": undefined,
            "nodeType": "host",
            "props": Object {
              "children": Array [
                <h2
                  className="text-center"
                >
                  TITLE
                </h2>,
                <p>
                  1222
                </p>,
              ],
              "className": "info-details w-75  ml-5 mt-5 p-3",
            },
            "ref": null,
            "rendered": Array [
              Object {
                "instance": null,
                "key": undefined,
                "nodeType": "host",
                "props": Object {
                  "children": "TITLE",
                  "className": "text-center",
                },
                "ref": null,
                "rendered": "TITLE",
                "type": "h2",
              },
              Object {
                "instance": null,
                "key": undefined,
                "nodeType": "host",
                "props": Object {
                  "children": "1222",
                },
                "ref": null,
                "rendered": "1222",
                "type": "p",
              },
            ],
            "type": "div",
          },
          Object {
            "instance": null,
            "key": undefined,
            "nodeType": "host",
            "props": Object {
              "children": Array [
                <InfoCategory
                  list={
                    Array [
                      "NaNth undefined NaN",
                    ]
                  }
                  title="RELEASED"
                />,
                <InfoCategory
                  list={
                    Array [
                      "director",
                    ]
                  }
                  title="DIRECTOR"
                />,
                <InfoCategory
                  list={
                    Array [
                      "producer",
                    ]
                  }
                  title="PRODUCER"
                />,
              ],
              "className": "d-flex ml-5",
            },
            "ref": null,
            "rendered": Array [
              Object {
                "instance": null,
                "key": undefined,
                "nodeType": "function",
                "props": Object {
                  "list": Array [
                    "NaNth undefined NaN",
                  ],
                  "title": "RELEASED",
                },
                "ref": null,
                "rendered": null,
                "type": [Function],
              },
              Object {
                "instance": null,
                "key": undefined,
                "nodeType": "function",
                "props": Object {
                  "list": Array [
                    "director",
                  ],
                  "title": "DIRECTOR",
                },
                "ref": null,
                "rendered": null,
                "type": [Function],
              },
              Object {
                "instance": null,
                "key": undefined,
                "nodeType": "function",
                "props": Object {
                  "list": Array [
                    "producer",
                  ],
                  "title": "PRODUCER",
                },
                "ref": null,
                "rendered": null,
                "type": [Function],
              },
            ],
            "type": "div",
          },
        ],
        "type": "main",
      },
      "type": Symbol(react.fragment),
    },
  ],
  Symbol(enzyme.__options__): Object {
    "adapter": ReactSixteenAdapter {
      "options": Object {
        "enableComponentDidUpdateOnSetState": true,
        "legacyContextMode": "parent",
        "lifecycles": Object {
          "componentDidUpdate": Object {
            "onSetState": true,
          },
          "getChildContext": Object {
            "calledByRenderer": false,
          },
          "getDerivedStateFromProps": Object {
            "hasShouldComponentUpdateBug": false,
          },
          "getSnapshotBeforeUpdate": true,
          "setState": Object {
            "skipsComponentDidUpdateOnNullish": true,
          },
        },
      },
    },
  },
  Symbol(enzyme.__childContext__): null,
}
`;
