// Jest Snapshot v1, https://goo.gl/fbAQLP

exports[`SendInfoSmsForm matches the snapshot 1`] = `
ShallowWrapper {
  Symbol(enzyme.__root__): [Circular],
  Symbol(enzyme.__unrendered__): <SendInfoSmsForm
    displaySentSuccess={false}
    errors={
      Object {
        "phoneNumber": false,
      }
    }
    handleSubmit={[MockFunction]}
    resetDisplaySentSuccess={[MockFunction]}
    sendingInfoSms={false}
    setFieldValue={[MockFunction]}
    touched={
      Object {
        "phoneNumber": false,
      }
    }
    values={
      Object {
        "phoneNumber": "phoneNumber",
      }
    }
  />,
  Symbol(enzyme.__renderer__): Object {
    "batchedUpdates": [Function],
    "checkPropTypes": [Function],
    "getNode": [Function],
    "render": [Function],
    "simulateError": [Function],
    "simulateEvent": [Function],
    "unmount": [Function],
  },
  Symbol(enzyme.__node__): Object {
    "instance": null,
    "key": undefined,
    "nodeType": "host",
    "props": Object {
      "children": Array [
        <label
          className="text-white"
          htmlFor="phoneNumber"
        >
          Enter your number to get this information sent to you
        </label>,
        <input
          aria-invalid={false}
          autoComplete="off"
          className="form-control"
          id="phoneNumber"
          name="phoneNumber"
          onChange={[Function]}
          onFocus={[MockFunction]}
          placeholder="MOBILE NUMBER"
          type="number"
          value="phoneNumber"
        />,
        false,
        false,
      ],
      "className": "ml-5 mt-3 mb-0 sms-form w-50",
      "onSubmit": [MockFunction],
    },
    "ref": null,
    "rendered": Array [
      Object {
        "instance": null,
        "key": undefined,
        "nodeType": "host",
        "props": Object {
          "children": "Enter your number to get this information sent to you",
          "className": "text-white",
          "htmlFor": "phoneNumber",
        },
        "ref": null,
        "rendered": "Enter your number to get this information sent to you",
        "type": "label",
      },
      Object {
        "instance": null,
        "key": undefined,
        "nodeType": "host",
        "props": Object {
          "aria-invalid": false,
          "autoComplete": "off",
          "className": "form-control",
          "id": "phoneNumber",
          "name": "phoneNumber",
          "onChange": [Function],
          "onFocus": [MockFunction],
          "placeholder": "MOBILE NUMBER",
          "type": "number",
          "value": "phoneNumber",
        },
        "ref": null,
        "rendered": null,
        "type": "input",
      },
      false,
      false,
    ],
    "type": "form",
  },
  Symbol(enzyme.__nodes__): Array [
    Object {
      "instance": null,
      "key": undefined,
      "nodeType": "host",
      "props": Object {
        "children": Array [
          <label
            className="text-white"
            htmlFor="phoneNumber"
          >
            Enter your number to get this information sent to you
          </label>,
          <input
            aria-invalid={false}
            autoComplete="off"
            className="form-control"
            id="phoneNumber"
            name="phoneNumber"
            onChange={[Function]}
            onFocus={[MockFunction]}
            placeholder="MOBILE NUMBER"
            type="number"
            value="phoneNumber"
          />,
          false,
          false,
        ],
        "className": "ml-5 mt-3 mb-0 sms-form w-50",
        "onSubmit": [MockFunction],
      },
      "ref": null,
      "rendered": Array [
        Object {
          "instance": null,
          "key": undefined,
          "nodeType": "host",
          "props": Object {
            "children": "Enter your number to get this information sent to you",
            "className": "text-white",
            "htmlFor": "phoneNumber",
          },
          "ref": null,
          "rendered": "Enter your number to get this information sent to you",
          "type": "label",
        },
        Object {
          "instance": null,
          "key": undefined,
          "nodeType": "host",
          "props": Object {
            "aria-invalid": false,
            "autoComplete": "off",
            "className": "form-control",
            "id": "phoneNumber",
            "name": "phoneNumber",
            "onChange": [Function],
            "onFocus": [MockFunction],
            "placeholder": "MOBILE NUMBER",
            "type": "number",
            "value": "phoneNumber",
          },
          "ref": null,
          "rendered": null,
          "type": "input",
        },
        false,
        false,
      ],
      "type": "form",
    },
  ],
  Symbol(enzyme.__options__): Object {
    "adapter": ReactSixteenAdapter {
      "options": Object {
        "enableComponentDidUpdateOnSetState": true,
        "legacyContextMode": "parent",
        "lifecycles": Object {
          "componentDidUpdate": Object {
            "onSetState": true,
          },
          "getChildContext": Object {
            "calledByRenderer": false,
          },
          "getDerivedStateFromProps": Object {
            "hasShouldComponentUpdateBug": false,
          },
          "getSnapshotBeforeUpdate": true,
          "setState": Object {
            "skipsComponentDidUpdateOnNullish": true,
          },
        },
      },
    },
  },
  Symbol(enzyme.__childContext__): null,
}
`;
